Microchip MPLAB XC8 Compiler V2.45

Linker command line:

-W-3 --edf=D:\IDE MCU\pic\dat\20230818022343_en.msgs -cn \
  -h+dist/default/debug\Interfacing.X.debug.sym \
  --cmf=dist/default/debug\Interfacing.X.debug.cmf -z -Q18F4620 \
  -oC:\Users\xcite\AppData\Local\Temp\xcAsb8o.\driver_tmp_3.o \
  --defsym=__MPLAB_BUILD=1 --fixupoverflow=error \
  -Mdist/default/debug/Interfacing.X.debug.map \
  --md=C:\Users\xcite\AppData\Local\Temp\xcAsb8o.\driver_tmp_0.dat -E1 \
  -ver=XC8 Compiler --acfsm=1493 -ACODE=00h-0FFFFh -ACONST=00h-0FFFFh \
  -ASMALLCONST=01000h-010FFhx240 -AMEDIUMCONST=01000h-0FFFFh \
  -ACOMRAM=01h-07Fh -AABS1=00h-0F7Fh -ABIGRAM=01h-0F7Fh \
  -ARAM=080h-0FFh,0100h-01FFhx14,0F00h-0F7Fh -ABANK0=080h-0FFh \
  -ABANK1=0100h-01FFh -ABANK2=0200h-02FFh -ABANK3=0300h-03FFh \
  -ABANK4=0400h-04FFh -ABANK5=0500h-05FFh -ABANK6=0600h-06FFh \
  -ABANK7=0700h-07FFh -ABANK8=0800h-08FFh -ABANK9=0900h-09FFh \
  -ABANK10=0A00h-0AFFh -ABANK11=0B00h-0BFFh -ABANK12=0C00h-0CFFh \
  -ABANK13=0D00h-0DFFh -ABANK14=0E00h-0EFFh -ABANK15=0F00h-0F7Fh \
  -ASFR=0F80h-0FFFh -ABIGSFR=0F80h-0FFFh -ACONFIG=0300000h-030000Dh \
  -AIDLOC=0200000h-0200007h -AEEDATA=0F00000h-0F003FFh -peeprom_data=EEDATA \
  -preset_vec=00h,intcode=08h,intcodelo,powerup,init -pramtop=01000h \
  -psmallconst=SMALLCONST -pmediumconst=MEDIUMCONST -pconst=CONST \
  -AFARRAM=00h-00h \
  -prdata=COMRAM,nvrram=COMRAM,nvbit=COMRAM,rbss=COMRAM,rbit=COMRAM \
  -pfarbss=FARRAM,fardata=FARRAM,nvFARRAM=FARRAM \
  -pintsave_regs=BIGRAM,bigbss=BIGRAM,bigdata=BIGRAM -pbss=RAM \
  -pidata=CODE,irdata=CODE,ibigdata=CODE,ifardata=CODE -prparam=COMRAM \
  C:\Users\xcite\AppData\Local\Temp\xcAsb8o.\driver_tmp_9.o \
  dist/default/debug\Interfacing.X.debug.o 

Object code version is 3.11

Machine type is 18F4620



                Name                               Link     Load   Length Selector   Space Scale
C:\Users\xcite\AppData\Local\Temp\xcAsb8o.\driver_tmp_9.o
                config                           300000   300000        E        0       4
                init                                  E        E        4        4       0
                reset_vec                             0        0        4        0       0
dist/default/debug\Interfacing.X.debug.o
                intcode                               8        8        6        4       0
                config                           300000   300000        E        0       4
                temp                                 6F       6F        1        1       1
                smallconst                         1000     1000       16      800       0
                text19                             1ACA     1ACA        4      80B       0
                text18                             1AC6     1AC6        4      80B       0
                text17                             1AC2     1AC2        4      80B       0
                text16                             162A     162A       82      80B       0
                text15                             191E     191E       74      80B       0
                text14                             1AB0     1AB0        C      80B       0
                text13                             1AA4     1AA4        C      80B       0
                text12                             1826     1826       7E      80B       0
                text11                             17A8     17A8       7E      80B       0
                text10                             172A     172A       7E      80B       0
                text9                              16AC     16AC       7E      80B       0
                intcode_body                       1016     1016      2B6      80B       0
                text7                              1ACE     1ACE        2      80B       0
                text6                              1ABC     1ABC        6      80B       0
                text5                              12CC     12CC      12C      80B       0
                text4                              13F8     13F8      11C      80B       0
                text3                              1514     1514      116      80B       0
                text2                              1992     1992       64      80B       0
                text1                              18A4     18A4       7A      80B       0
                text0                              1A34     1A34       3A      80B       0
                cstackCOMRAM                         5C       5C       13        1       1
                cstackBANK0                          80       80        C       80       1
                dataCOMRAM                            1        1       3E        1       1
                bssCOMRAM                            3F       3F       1D        1       1
                cinit                              1A6E     1A6E       36      80B       0
                idataCOMRAM                        19F6     19F6       3E      80B       0

TOTAL           Name                               Link     Load   Length     Space
        CLASS   CODE           
                intcode                               8        8        6         0
                init                                  E        E        4         0
                reset_vec                             0        0        4         0
                text19                             1ACA     1ACA        4         0
                text18                             1AC6     1AC6        4         0
                text17                             1AC2     1AC2        4         0
                text16                             162A     162A       82         0
                text15                             191E     191E       74         0
                text14                             1AB0     1AB0        C         0
                text13                             1AA4     1AA4        C         0
                text12                             1826     1826       7E         0
                text11                             17A8     17A8       7E         0
                text10                             172A     172A       7E         0
                text9                              16AC     16AC       7E         0
                intcode_body                       1016     1016      2B6         0
                text7                              1ACE     1ACE        2         0
                text6                              1ABC     1ABC        6         0
                text5                              12CC     12CC      12C         0
                text4                              13F8     13F8      11C         0
                text3                              1514     1514      116         0
                text2                              1992     1992       64         0
                text1                              18A4     18A4       7A         0
                text0                              1A34     1A34       3A         0
                cinit                              1A6E     1A6E       36         0
                idataCOMRAM                        19F6     19F6       3E         0

        CLASS   CONST          

        CLASS   SMALLCONST     
                smallconst                         1000     1000       16         0

        CLASS   MEDIUMCONST    

        CLASS   COMRAM         
                temp                                 6F       6F        1         1
                cstackCOMRAM                         5C       5C       13         1
                dataCOMRAM                            1        1       3E         1
                bssCOMRAM                            3F       3F       1D         1

        CLASS   ABS1           

        CLASS   BIGRAM         

        CLASS   RAM            

        CLASS   BANK0          
                cstackBANK0                          80       80        C         1

        CLASS   BANK1          

        CLASS   BANK2          

        CLASS   BANK3          

        CLASS   BANK4          

        CLASS   BANK5          

        CLASS   BANK6          

        CLASS   BANK7          

        CLASS   BANK8          

        CLASS   BANK9          

        CLASS   BANK10         

        CLASS   BANK11         

        CLASS   BANK12         

        CLASS   BANK13         

        CLASS   BANK14         

        CLASS   BANK15         

        CLASS   SFR            

        CLASS   BIGSFR         

        CLASS   CONFIG         
                config                           300000   300000        E         4

        CLASS   IDLOC          

        CLASS   EEDATA         

        CLASS   FARRAM         

        CLASS   HEAP           

        CLASS   STACK          



SEGMENTS        Name                           Load    Length   Top    Selector   Space  Class

                reset_vec                      000000  000004  000004         0       0  CODE    
                dataCOMRAM                     000001  00006F  000070         1       1  COMRAM  
                intcode                        000008  00000A  000012         4       0  CODE    
                cstackBANK0                    000080  00000C  00008C        80       1  BANK0   
                smallconst                     001000  000016  001016       800       0  SMALLCON
                intcode_body                   001016  000ABA  001AD0       80B       0  CODE    


UNUSED ADDRESS RANGES

        Name                Unused          Largest block    Delta
        BANK0            00008C-0000FF               74
        BANK1            000100-0001FF              100
        BANK10           000A00-000AFF              100
        BANK11           000B00-000BFF              100
        BANK12           000C00-000CFF              100
        BANK13           000D00-000DFF              100
        BANK14           000E00-000EFF              100
        BANK15           000F00-000F7F               80
        BANK2            000200-0002FF              100
        BANK3            000300-0003FF              100
        BANK4            000400-0004FF              100
        BANK5            000500-0005FF              100
        BANK6            000600-0006FF              100
        BANK7            000700-0007FF              100
        BANK8            000800-0008FF              100
        BANK9            000900-0009FF              100
        BIGRAM           000070-00007F               10
                         00008C-000F7F              EF4
        BIGSFR           000F80-000FFF               80
        CODE             000004-000007                4
                         000012-000FFF              FEE
                         001AD0-00FFFF             E530
        COMRAM           000070-00007F               10
        CONST            000004-000007                4
                         000012-000FFF              FEE
                         001AD0-00FFFF             E530
        EEDATA           F00000-F003FF              400
        IDLOC            200000-200007                8
        MEDIUMCONST      001AD0-00FFFF             E530
        RAM              00008C-000F7F              100
        SFR              000F80-000FFF               80
        SMALLCONST       001AD0-00FFFF              100

                                  Symbol Table

Interrupt_RBx_Init@obj                   cstackCOMRAM 00006E
Interrupt_RBx_Init@ret                   cstackBANK0  000087
RB4_ISR@source                           cstackCOMRAM 000065
RB5_ISR@source                           cstackCOMRAM 000065
RB6_ISR@source                           cstackCOMRAM 000065
RB7_ISR@source                           cstackCOMRAM 000065
Relay_initialize@F3056                   bssCOMRAM    000057
Relay_off@F3066                          bssCOMRAM    000055
Relay_on@F3061                           bssCOMRAM    000056
_Application_initialize                  text6        001ABC
_High                                    text14       001AB0
_INT0_ISR                                text19       001ACA
_INT0_Interrupt_Handler                  bssCOMRAM    000053
_INT1_ISR                                text18       001AC6
_INT1_Interrupt_Handler                  bssCOMRAM    000051
_INT2_ISR                                text17       001AC2
_INT2_Interrupt_Handler                  bssCOMRAM    00004F
_INTCON2bits                             (abs)        000FF1
_INTCON3bits                             (abs)        000FF0
_INTCONbits                              (abs)        000FF2
_Interrupt_Manager_High                  intcode      000008
_Interrupt_RBx_Init                      text4        0013F8
_LATA                                    (abs)        000F89
_LATB                                    (abs)        000F8A
_LATC                                    (abs)        000F8B
_LATD                                    (abs)        000F8C
_LATE                                    (abs)        000F8D
_Low                                     text13       001AA4
_PORTA                                   (abs)        000F80
_PORTB                                   (abs)        000F81
_PORTBbits                               (abs)        000F81
_PORTC                                   (abs)        000F82
_PORTD                                   (abs)        000F83
_PORTE                                   (abs)        000F84
_RB4_ISR                                 text12       001826
_RB4_Interrupt_Handler_High              bssCOMRAM    00004D
_RB4_Interrupt_Handler_Low               bssCOMRAM    00004B
_RB4_f                                   dataCOMRAM   000035
_RB5_ISR                                 text11       0017A8
_RB5_Interrupt_Handler_High              bssCOMRAM    000049
_RB5_Interrupt_Handler_Low               bssCOMRAM    000047
_RB5_f                                   dataCOMRAM   000034
_RB6_ISR                                 text10       00172A
_RB6_Interrupt_Handler_High              bssCOMRAM    000045
_RB6_Interrupt_Handler_Low               bssCOMRAM    000043
_RB6_f                                   dataCOMRAM   000033
_RB7_ISR                                 text9        0016AC
_RB7_Interrupt_Handler_High              bssCOMRAM    000041
_RB7_Interrupt_Handler_Low               bssCOMRAM    00003F
_RB7_f                                   dataCOMRAM   000032
_TRISA                                   (abs)        000F92
_TRISB                                   (abs)        000F93
_TRISC                                   (abs)        000F94
_TRISD                                   (abs)        000F95
_TRISE                                   (abs)        000F96
__HRAM                                   (abs)        000000
__H__absolute__                          __absolute__ 000000
__Habs1                                  abs1         000000
__Hbank0                                 bank0        000000
__Hbank1                                 bank1        000000
__Hbank10                                bank10       000000
__Hbank11                                bank11       000000
__Hbank12                                bank12       000000
__Hbank13                                bank13       000000
__Hbank14                                bank14       000000
__Hbank15                                bank15       000000
__Hbank2                                 bank2        000000
__Hbank3                                 bank3        000000
__Hbank4                                 bank4        000000
__Hbank5                                 bank5        000000
__Hbank6                                 bank6        000000
__Hbank7                                 bank7        000000
__Hbank8                                 bank8        000000
__Hbank9                                 bank9        000000
__Hbigbss                                bigbss       000000
__Hbigdata                               bigdata      000000
__Hbigram                                bigram       000000
__Hbigsfr                                bigsfr       000000
__Hbss                                   bss          000000
__HbssCOMRAM                             bssCOMRAM    000000
__Hcinit                                 cinit        000000
__Hclrtext                               clrtext      000000
__Hcomram                                comram       000000
__Hconfig                                config       30000E
__Hconst                                 const        000000
__HcstackBANK0                           cstackBANK0  000000
__HcstackCOMRAM                          cstackCOMRAM 000000
__Hdata                                  data         000000
__HdataCOMRAM                            dataCOMRAM   000000
__Heeprom_data                           eeprom_data  000000
__Hfarbss                                farbss       000000
__Hfardata                               fardata      000000
__Hheap                                  heap         000000
__Hibigdata                              ibigdata     000000
__Hidata                                 idata        000000
__HidataCOMRAM                           idataCOMRAM  000000
__Hidloc                                 idloc        000000
__Hifardata                              ifardata     000000
__Hinit                                  init         000012
__Hintcode                               intcode      00000E
__Hintcode_body                          intcode_body 000000
__Hintcodelo                             intcodelo    00000E
__Hintentry                              intentry     000000
__Hintret                                intret       000000
__Hintsave_regs                          intsave_regs 000000
__Hirdata                                irdata       000000
__Hmediumconst                           mediumconst  000000
__HnvFARRAM                              nvFARRAM     000000
__Hnvbit                                 nvbit        000000
__Hnvrram                                nvrram       000000
__Hparam                                 rparam       000000
__Hpowerup                               powerup      00000E
__Hram                                   ram          000000
__Hramtop                                ramtop       001000
__Hrbit                                  rbit         000000
__Hrbss                                  rbss         000000
__Hrdata                                 rdata        000000
__Hreset_vec                             reset_vec    000004
__Hrparam                                rparam       000000
__Hsfr                                   sfr          000000
__Hsmallconst                            smallconst   001016
__Hspace_0                               (abs)        001AD0
__Hspace_1                               (abs)        00008C
__Hspace_2                               (abs)        000000
__Hspace_4                               (abs)        60000E
__Hstack                                 stack        000000
__Hstruct                                struct       000000
__Htemp                                  temp         000070
__Htext                                  text         000000
__Htext0                                 text0        000000
__Htext1                                 text1        000000
__Htext10                                text10       000000
__Htext11                                text11       000000
__Htext12                                text12       000000
__Htext13                                text13       000000
__Htext14                                text14       000000
__Htext15                                text15       000000
__Htext16                                text16       000000
__Htext17                                text17       000000
__Htext18                                text18       000000
__Htext19                                text19       000000
__Htext2                                 text2        000000
__Htext20                                text20       000000
__Htext3                                 text3        000000
__Htext4                                 text4        000000
__Htext5                                 text5        000000
__Htext6                                 text6        000000
__Htext7                                 text7        000000
__Htext9                                 text9        000000
__LRAM                                   (abs)        000001
__L__absolute__                          __absolute__ 000000
__Labs1                                  abs1         000000
__Lbank0                                 bank0        000000
__Lbank1                                 bank1        000000
__Lbank10                                bank10       000000
__Lbank11                                bank11       000000
__Lbank12                                bank12       000000
__Lbank13                                bank13       000000
__Lbank14                                bank14       000000
__Lbank15                                bank15       000000
__Lbank2                                 bank2        000000
__Lbank3                                 bank3        000000
__Lbank4                                 bank4        000000
__Lbank5                                 bank5        000000
__Lbank6                                 bank6        000000
__Lbank7                                 bank7        000000
__Lbank8                                 bank8        000000
__Lbank9                                 bank9        000000
__Lbigbss                                bigbss       000000
__Lbigdata                               bigdata      000000
__Lbigram                                bigram       000000
__Lbigsfr                                bigsfr       000000
__Lbss                                   bss          000000
__LbssCOMRAM                             bssCOMRAM    000000
__Lcinit                                 cinit        000000
__Lclrtext                               clrtext      000000
__Lcomram                                comram       000000
__Lconfig                                config       000000
__Lconst                                 const        000000
__LcstackBANK0                           cstackBANK0  000000
__LcstackCOMRAM                          cstackCOMRAM 000000
__Ldata                                  data         000000
__LdataCOMRAM                            dataCOMRAM   000000
__Leeprom_data                           eeprom_data  000000
__Lfarbss                                farbss       000000
__Lfardata                               fardata      000000
__Lheap                                  heap         000000
__Libigdata                              ibigdata     000000
__Lidata                                 idata        000000
__LidataCOMRAM                           idataCOMRAM  000000
__Lidloc                                 idloc        000000
__Lifardata                              ifardata     000000
__Linit                                  init         00000E
__Lintcode                               intcode      000008
__Lintcode_body                          intcode_body 000000
__Lintcodelo                             intcodelo    00000E
__Lintentry                              intentry     000000
__Lintret                                intret       000000
__Lintsave_regs                          intsave_regs 000000
__Lirdata                                irdata       000000
__Lmediumconst                           mediumconst  000000
__LnvFARRAM                              nvFARRAM     000000
__Lnvbit                                 nvbit        000000
__Lnvrram                                nvrram       000000
__Lparam                                 rparam       000000
__Lpowerup                               powerup      00000E
__Lram                                   ram          000000
__Lramtop                                ramtop       001000
__Lrbit                                  rbit         000000
__Lrbss                                  rbss         000000
__Lrdata                                 rdata        000000
__Lreset_vec                             reset_vec    000000
__Lrparam                                rparam       000000
__Lsfr                                   sfr          000000
__Lsmallconst                            smallconst   001000
__Lspace_0                               (abs)        000000
__Lspace_1                               (abs)        000000
__Lspace_2                               (abs)        000000
__Lspace_4                               (abs)        000000
__Lstack                                 stack        000000
__Lstruct                                struct       000000
__Ltemp                                  temp         00006F
__Ltext                                  text         000000
__Ltext0                                 text0        000000
__Ltext1                                 text1        000000
__Ltext10                                text10       000000
__Ltext11                                text11       000000
__Ltext12                                text12       000000
__Ltext13                                text13       000000
__Ltext14                                text14       000000
__Ltext15                                text15       000000
__Ltext16                                text16       000000
__Ltext17                                text17       000000
__Ltext18                                text18       000000
__Ltext19                                text19       000000
__Ltext2                                 text2        000000
__Ltext20                                text20       000000
__Ltext3                                 text3        000000
__Ltext4                                 text4        000000
__Ltext5                                 text5        000000
__Ltext6                                 text6        000000
__Ltext7                                 text7        000000
__Ltext9                                 text9        000000
__S0                                     (abs)        001AD0
__S1                                     (abs)        00008C
__S4                                     (abs)        000000
__S5                                     (abs)        000000
___heap_hi                               (abs)        000000
___heap_lo                               (abs)        000000
___inthi_sp                              stack        000000
___inthi_stack_hi                        stack        000000
___inthi_stack_lo                        stack        000000
___intlo_sp                              stack        000000
___intlo_stack_hi                        stack        000000
___intlo_stack_lo                        stack        000000
___param_bank                            (abs)        000000
___rparam_used                           (abs)        000001
___sp                                    stack        000000
___stack_hi                              stack        000000
___stack_lo                              stack        000000
__accesstop                              (abs)        000080
__activetblptr                           (abs)        000003
__end_of_Application_initialize          text6        001AC2
__end_of_High                            text14       001ABC
__end_of_INT0_ISR                        text19       001ACE
__end_of_INT1_ISR                        text18       001ACA
__end_of_INT2_ISR                        text17       001AC6
__end_of_Interrupt_Manager_High          intcode_body 0012CC
__end_of_Interrupt_RBx_Init              text4        001514
__end_of_Low                             text13       001AB0
__end_of_RB4_ISR                         text12       0018A4
__end_of_RB5_ISR                         text11       001826
__end_of_RB6_ISR                         text10       0017A8
__end_of_RB7_ISR                         text9        00172A
__end_of__initialization                 cinit        001A9A
__end_of_btn_values                      smallconst   001011
__end_of_ecu_layer_initailize            text7        001AD0
__end_of_gpio_pin_direction_intialize    text5        0013F8
__end_of_gpio_pin_initialize             text2        0019F6
__end_of_gpio_pin_toggle_logic           text16       0016AC
__end_of_gpio_pin_write_logic            text3        00162A
__end_of_led_intialize                   text1        00191E
__end_of_led_toggle_status               text15       001992
__end_of_main                            text0        001A6E
__initialization                         cinit        001A6E
__mediumconst                            mediumconst  000000
__pbssCOMRAM                             bssCOMRAM    00003F
__pcinit                                 cinit        001A6E
__pcstackBANK0                           cstackBANK0  000080
__pcstackCOMRAM                          cstackCOMRAM 00005C
__pdataCOMRAM                            dataCOMRAM   000001
__pidataCOMRAM                           idataCOMRAM  0019F6
__pintcode                               intcode      000008
__pintcode_body                          intcode_body 001016
__psmallconst                            smallconst   001000
__ptext0                                 text0        001A34
__ptext1                                 text1        0018A4
__ptext10                                text10       00172A
__ptext11                                text11       0017A8
__ptext12                                text12       001826
__ptext13                                text13       001AA4
__ptext14                                text14       001AB0
__ptext15                                text15       00191E
__ptext16                                text16       00162A
__ptext17                                text17       001AC2
__ptext18                                text18       001AC6
__ptext19                                text19       001ACA
__ptext2                                 text2        001992
__ptext20                                text20       000000
__ptext3                                 text3        001514
__ptext4                                 text4        0013F8
__ptext5                                 text5        0012CC
__ptext6                                 text6        001ABC
__ptext7                                 text7        001ACE
__ptext9                                 text9        0016AC
__ramtop                                 ramtop       001000
__smallconst                             smallconst   001000
_btn_values                              smallconst   001001
_button                                  dataCOMRAM   00002D
_ecu_layer_initailize                    text7        001ACE
_gpio_pin_direction_intialize            text5        0012CC
_gpio_pin_initialize                     text2        001992
_gpio_pin_toggle_logic                   text16       00162A
_gpio_pin_write_logic                    text3        001514
_key                                     dataCOMRAM   00001F
_lat_registers                           dataCOMRAM   00000B
_lcd                                     dataCOMRAM   000027
_led0                                    dataCOMRAM   00003E
_led1                                    dataCOMRAM   00003D
_led2                                    dataCOMRAM   00003C
_led3                                    dataCOMRAM   000030
_led_intialize                           text1        0018A4
_led_toggle_status                       text15       00191E
_main                                    text0        001A34
_port_registers                          dataCOMRAM   000001
_rb                                      dataCOMRAM   000036
_ret                                     dataCOMRAM   000031
_tris_registers                          dataCOMRAM   000015
btemp                                    temp         00006F
end_of_initialization                    cinit        001A9A
gpio_pin_direction_intialize@_pin_config cstackCOMRAM 00006C
gpio_pin_direction_intialize@ret         cstackCOMRAM 00006D
gpio_pin_initialize@_pin_config          cstackBANK0  000085
gpio_pin_initialize@ret                  cstackBANK0  000087
gpio_pin_toggle_logic@_pin_config        cstackCOMRAM 00005C
gpio_pin_write_logic@_pin_config         cstackCOMRAM 00006C
gpio_pin_write_logic@logic_              cstackCOMRAM 00006D
gpio_pin_write_logic@ret                 cstackCOMRAM 00006E
int$flags                                temp         00006F
int_func                                 intcode_body 001016
intlevel0                                text         000000
intlevel1                                text         000000
intlevel2                                text         000000
intlevel3                                text         000000
isa$std                                  (abs)        000001
isa$xinst                                (abs)        000000
led_intialize@F3058                      bssCOMRAM    00005B
led_intialize@Led                        cstackBANK0  000088
led_intialize@pin_obj                    cstackBANK0  00008B
led_intialize@ret                        cstackBANK0  00008A
led_toggle_status@F3073                  bssCOMRAM    000058
led_toggle_status@Led                    cstackCOMRAM 000061
led_toggle_status@pin_obj                cstackCOMRAM 000064
led_toggle_status@ret                    cstackCOMRAM 000063
led_turn_off@F3068                       bssCOMRAM    000059
led_turn_on@F3063                        bssCOMRAM    00005A
stackhi                                  (abs)        000000
stacklo                                  (abs)        000000
start                                    init         00000E
start_initialization                     cinit        001A6E
ttemp5                                   temp         000070
ttemp6                                   temp         000073
ttemp7                                   temp         000077
wtemp8                                   temp         000070


MODULE INFORMATION

Module		Function		Class		Link	Load	Size
ECU_LAYER/ecu_layer_init.c
		_ecu_layer_initailize		CODE           	1ACE	0000	2

ECU_LAYER/ecu_layer_init.c estimated size: 2

MCAL_LAYER/Interrupt/mcal_external_interrupt.c
		_RB4_ISR       		CODE           	1826	0000	126
		_RB5_ISR       		CODE           	17A8	0000	126
		_RB6_ISR       		CODE           	172A	0000	126
		_RB7_ISR       		CODE           	16AC	0000	126
		_INT0_ISR      		CODE           	1ACA	0000	4
		_Interrupt_RBx_Init		CODE           	13F8	0000	284
		_INT1_ISR      		CODE           	1AC6	0000	4
		_INT2_ISR      		CODE           	1AC2	0000	4

MCAL_LAYER/Interrupt/mcal_external_interrupt.c estimated size: 800

MCAL_LAYER/Interrupt/mcal_interrupt_manager.c
		_Interrupt_Manager_High		CODE           	0008	0000	700

MCAL_LAYER/Interrupt/mcal_interrupt_manager.c estimated size: 700

shared
		_btn_values    		SMALLCONST     	1001	0000	16
		__initialization		CODE           	1A6E	0000	44

shared estimated size: 60

app.c
		_main          		CODE           	1A34	0000	58
		_Low           		CODE           	1AA4	0000	12
		_High          		CODE           	1AB0	0000	12
		_Application_initialize		CODE           	1ABC	0000	6

app.c estimated size: 88

MCAL_Layer/GPIO/hal_gpio.c
		_gpio_pin_write_logic		CODE           	1514	0000	278
		_gpio_pin_direction_intialize		CODE           	12CC	0000	300
		_gpio_pin_toggle_logic		CODE           	162A	0000	130
		_gpio_pin_initialize		CODE           	1992	0000	100

MCAL_Layer/GPIO/hal_gpio.c estimated size: 808

ECU_LAYER/Led/ecu_led.c
		_led_toggle_status		CODE           	191E	0000	116
		_led_intialize 		CODE           	18A4	0000	122

ECU_LAYER/Led/ecu_led.c estimated size: 238

